  Weights_Int
ENSMUSG00000006362 ENSMUSG00000002111 2
ENSMUSG00000006362 ENSMUSG00000025223 1
ENSMUSG00000006362 ENSMUSG00000026815 2
ENSMUSG00000006362 ENSMUSG00000031162 2
ENSMUSG00000015053 ENSMUSG00000002111 2
ENSMUSG00000015053 ENSMUSG00000025223 1
ENSMUSG00000015053 ENSMUSG00000026815 2
ENSMUSG00000015053 ENSMUSG00000031162 2
ENSMUSG00000016087 ENSMUSG00000002111 1
ENSMUSG00000016087 ENSMUSG00000025223 2
ENSMUSG00000016087 ENSMUSG00000026815 2
ENSMUSG00000022952 ENSMUSG00000006362 1
ENSMUSG00000022952 ENSMUSG00000031162 2
ENSMUSG00000026815 ENSMUSG00000025223 1
ENSMUSG00000028717 ENSMUSG00000026815 2
ENSMUSG00000028717 ENSMUSG00000031162 2
ENSMUSG00000028717 ENSMUSG00000032698 1
ENSMUSG00000028717 ENSMUSG00000034041 1
ENSMUSG00000031162 ENSMUSG00000002111 2
ENSMUSG00000031162 ENSMUSG00000025223 1
ENSMUSG00000031885 ENSMUSG00000002111 1
ENSMUSG00000031885 ENSMUSG00000026815 2
ENSMUSG00000031885 ENSMUSG00000031162 2
ENSMUSG00000032698 ENSMUSG00000026815 2
ENSMUSG00000032698 ENSMUSG00000031162 2
ENSMUSG00000034041 ENSMUSG00000026815 2
ENSMUSG00000034041 ENSMUSG00000031162 2
ENSMUSG00000034041 ENSMUSG00000032698 2
ENSMUSG00000040732 ENSMUSG00000026815 2
ENSMUSG00000040732 ENSMUSG00000028717 1
ENSMUSG00000040732 ENSMUSG00000031162 2
ENSMUSG00000040732 ENSMUSG00000031885 1
ENSMUSG00000040732 ENSMUSG00000032698 2
ENSMUSG00000040732 ENSMUSG00000034041 2
