  Edge_Colour
ENSMUSG00000028717 ENSMUSG00000001542 red
ENSMUSG00000028717 ENSMUSG00000004665 blue
ENSMUSG00000028717 ENSMUSG00000025351 blue
ENSMUSG00000028717 ENSMUSG00000028906 red
ENSMUSG00000028717 ENSMUSG00000041959 blue
ENSMUSG00000028717 ENSMUSG00000058794 grey45
ENSMUSG00000028717 ENSMUSG00000079523 blue
ENSMUSG00000028717 ENSMUSG00000091876 grey45
ENSMUSG00000028717 ENSMUSG00000094392 blue
ENSMUSG00000040732 ENSMUSG00000001542 grey45
ENSMUSG00000028717 ENSMUSG00000022048 blue
ENSMUSG00000040732 ENSMUSG00000022048 blue
ENSMUSG00000040732 ENSMUSG00000025351 blue
ENSMUSG00000028717 ENSMUSG00000047139 blue
ENSMUSG00000040732 ENSMUSG00000047139 blue
ENSMUSG00000040732 ENSMUSG00000058794 grey45
ENSMUSG00000040732 ENSMUSG00000079523 blue
ENSMUSG00000040732 ENSMUSG00000094392 blue
ENSMUSG00000031885 ENSMUSG00000022048 blue
ENSMUSG00000031885 ENSMUSG00000025351 blue
ENSMUSG00000031885 ENSMUSG00000047139 blue
ENSMUSG00000031885 ENSMUSG00000079523 blue
ENSMUSG00000031885 ENSMUSG00000094392 blue
ENSMUSG00000032698 ENSMUSG00000022048 blue
ENSMUSG00000032698 ENSMUSG00000025351 blue
ENSMUSG00000032698 ENSMUSG00000047139 blue
ENSMUSG00000032698 ENSMUSG00000058794 grey45
ENSMUSG00000032698 ENSMUSG00000079523 blue
ENSMUSG00000034041 ENSMUSG00000022048 blue
ENSMUSG00000034041 ENSMUSG00000025351 blue
ENSMUSG00000034041 ENSMUSG00000047139 blue
ENSMUSG00000034041 ENSMUSG00000058794 grey45
ENSMUSG00000034041 ENSMUSG00000079523 blue
ENSMUSG00000034041 ENSMUSG00000094392 blue
ENSMUSG00000028717 ENSMUSG00000018217 blue
ENSMUSG00000040732 ENSMUSG00000018217 blue
ENSMUSG00000028717 ENSMUSG00000020689 red
ENSMUSG00000040732 ENSMUSG00000020689 red
ENSMUSG00000028717 ENSMUSG00000040158 blue
ENSMUSG00000040732 ENSMUSG00000040158 blue
ENSMUSG00000028717 ENSMUSG00000072235 blue
ENSMUSG00000040732 ENSMUSG00000072235 blue
ENSMUSG00000028717 ENSMUSG00000085939 blue
ENSMUSG00000040732 ENSMUSG00000085939 blue
ENSMUSG00000028717 ENSMUSG00000042712 blue
ENSMUSG00000040732 ENSMUSG00000042712 blue
ENSMUSG00000028717 ENSMUSG00000046814 red
ENSMUSG00000040732 ENSMUSG00000046814 red
ENSMUSG00000028717 ENSMUSG00000049382 blue
ENSMUSG00000040732 ENSMUSG00000049382 blue
ENSMUSG00000028717 ENSMUSG00000090523 red
ENSMUSG00000040732 ENSMUSG00000090523 red
ENSMUSG00000031885 ENSMUSG00000018217 blue
ENSMUSG00000028717 ENSMUSG00000018593 blue
ENSMUSG00000031885 ENSMUSG00000018593 blue
ENSMUSG00000031885 ENSMUSG00000040158 blue
ENSMUSG00000031885 ENSMUSG00000072235 blue
ENSMUSG00000028717 ENSMUSG00000018340 blue
ENSMUSG00000031885 ENSMUSG00000018340 blue
ENSMUSG00000031885 ENSMUSG00000042712 blue
ENSMUSG00000031885 ENSMUSG00000049382 blue
ENSMUSG00000031885 ENSMUSG00000090523 red
ENSMUSG00000032698 ENSMUSG00000018217 blue
ENSMUSG00000032698 ENSMUSG00000020689 red
ENSMUSG00000032698 ENSMUSG00000040158 blue
ENSMUSG00000032698 ENSMUSG00000072235 blue
ENSMUSG00000032698 ENSMUSG00000085939 blue
ENSMUSG00000032698 ENSMUSG00000046814 red
ENSMUSG00000032698 ENSMUSG00000049382 blue
ENSMUSG00000032698 ENSMUSG00000090523 red
ENSMUSG00000034041 ENSMUSG00000018217 blue
ENSMUSG00000034041 ENSMUSG00000020689 red
ENSMUSG00000034041 ENSMUSG00000072235 blue
ENSMUSG00000034041 ENSMUSG00000085939 blue
ENSMUSG00000034041 ENSMUSG00000042712 blue
ENSMUSG00000034041 ENSMUSG00000046814 red
ENSMUSG00000034041 ENSMUSG00000049382 blue
ENSMUSG00000034041 ENSMUSG00000090523 red
ENSMUSG00000028717 ENSMUSG00000032076 blue
ENSMUSG00000031162 ENSMUSG00000032076 grey45
ENSMUSG00000040732 ENSMUSG00000034330 grey45
ENSMUSG00000006362 ENSMUSG00000004665 blue
ENSMUSG00000006362 ENSMUSG00000022048 blue
ENSMUSG00000006362 ENSMUSG00000025351 blue
ENSMUSG00000006362 ENSMUSG00000028906 red
ENSMUSG00000006362 ENSMUSG00000041959 blue
ENSMUSG00000006362 ENSMUSG00000047139 blue
ENSMUSG00000006362 ENSMUSG00000079523 blue
ENSMUSG00000006362 ENSMUSG00000094392 blue
ENSMUSG00000006362 ENSMUSG00000002997 red
ENSMUSG00000028717 ENSMUSG00000002997 red
ENSMUSG00000006362 ENSMUSG00000018217 blue
ENSMUSG00000006362 ENSMUSG00000018593 blue
ENSMUSG00000006362 ENSMUSG00000020689 red
ENSMUSG00000006362 ENSMUSG00000027326 red
ENSMUSG00000028717 ENSMUSG00000027326 red
ENSMUSG00000006362 ENSMUSG00000027907 blue
ENSMUSG00000028717 ENSMUSG00000027907 blue
ENSMUSG00000006362 ENSMUSG00000030770 blue
ENSMUSG00000028717 ENSMUSG00000030770 blue
ENSMUSG00000006362 ENSMUSG00000032076 blue
ENSMUSG00000006362 ENSMUSG00000032366 blue
ENSMUSG00000028717 ENSMUSG00000032366 blue
ENSMUSG00000006362 ENSMUSG00000045799 red
ENSMUSG00000028717 ENSMUSG00000045799 red
ENSMUSG00000006362 ENSMUSG00000049775 blue
ENSMUSG00000028717 ENSMUSG00000049775 blue
ENSMUSG00000006362 ENSMUSG00000072235 blue
ENSMUSG00000006362 ENSMUSG00000085939 blue
ENSMUSG00000006362 ENSMUSG00000091955 blue
ENSMUSG00000028717 ENSMUSG00000091955 blue
ENSMUSG00000006362 ENSMUSG00000101878 red
ENSMUSG00000028717 ENSMUSG00000101878 red
ENSMUSG00000006362 ENSMUSG00000026728 blue
ENSMUSG00000040732 ENSMUSG00000026728 blue
ENSMUSG00000006362 ENSMUSG00000039103 blue
ENSMUSG00000040732 ENSMUSG00000039103 blue
ENSMUSG00000006362 ENSMUSG00000042506 blue
ENSMUSG00000040732 ENSMUSG00000042506 blue
ENSMUSG00000006362 ENSMUSG00000046432 blue
ENSMUSG00000040732 ENSMUSG00000046432 blue
ENSMUSG00000006362 ENSMUSG00000081434 red
ENSMUSG00000040732 ENSMUSG00000081434 red
ENSMUSG00000006362 ENSMUSG00000019982 red
ENSMUSG00000006362 ENSMUSG00000025558 grey45
ENSMUSG00000006362 ENSMUSG00000026238 red
ENSMUSG00000006362 ENSMUSG00000027009 red
ENSMUSG00000006362 ENSMUSG00000028159 red
ENSMUSG00000006362 ENSMUSG00000031822 red
ENSMUSG00000006362 ENSMUSG00000042364 blue
ENSMUSG00000006362 ENSMUSG00000090841 blue
ENSMUSG00000016087 ENSMUSG00000002997 red
ENSMUSG00000016087 ENSMUSG00000079523 blue
ENSMUSG00000016087 ENSMUSG00000025351 blue
ENSMUSG00000016087 ENSMUSG00000032076 blue
ENSMUSG00000015053 ENSMUSG00000018217 blue
ENSMUSG00000015053 ENSMUSG00000022048 blue
ENSMUSG00000015053 ENSMUSG00000026728 blue
ENSMUSG00000015053 ENSMUSG00000032366 blue
ENSMUSG00000015053 ENSMUSG00000039103 blue
ENSMUSG00000015053 ENSMUSG00000041959 blue
ENSMUSG00000015053 ENSMUSG00000042506 blue
ENSMUSG00000015053 ENSMUSG00000045799 red
ENSMUSG00000015053 ENSMUSG00000046432 blue
ENSMUSG00000015053 ENSMUSG00000047139 blue
ENSMUSG00000015053 ENSMUSG00000072235 blue
ENSMUSG00000015053 ENSMUSG00000081434 red
ENSMUSG00000015053 ENSMUSG00000101878 red
ENSMUSG00000031885 ENSMUSG00000026728 blue
ENSMUSG00000031885 ENSMUSG00000042506 blue
ENSMUSG00000031885 ENSMUSG00000046432 blue
ENSMUSG00000006362 ENSMUSG00000060121 red
ENSMUSG00000031885 ENSMUSG00000060121 red
ENSMUSG00000032698 ENSMUSG00000026728 blue
ENSMUSG00000032698 ENSMUSG00000039103 blue
ENSMUSG00000032698 ENSMUSG00000042506 blue
ENSMUSG00000032698 ENSMUSG00000046432 blue
ENSMUSG00000032698 ENSMUSG00000081434 red
ENSMUSG00000034041 ENSMUSG00000026728 blue
ENSMUSG00000034041 ENSMUSG00000042506 blue
ENSMUSG00000034041 ENSMUSG00000046432 blue
ENSMUSG00000034041 ENSMUSG00000081434 red
ENSMUSG00000026815 ENSMUSG00000025351 grey45
ENSMUSG00000026815 ENSMUSG00000032076 grey45
ENSMUSG00000028717 ENSMUSG00000039103 blue
ENSMUSG00000006362 ENSMUSG00000027712 blue
ENSMUSG00000028717 ENSMUSG00000027712 blue
ENSMUSG00000006362 ENSMUSG00000030352 blue
ENSMUSG00000028717 ENSMUSG00000030352 blue
ENSMUSG00000006362 ENSMUSG00000032085 blue
ENSMUSG00000028717 ENSMUSG00000032085 blue
ENSMUSG00000006362 ENSMUSG00000042712 blue
ENSMUSG00000006362 ENSMUSG00000049382 blue
ENSMUSG00000006362 ENSMUSG00000063628 blue
ENSMUSG00000028717 ENSMUSG00000063628 blue
ENSMUSG00000006362 ENSMUSG00000090523 red
ENSMUSG00000006362 ENSMUSG00000050199 blue
ENSMUSG00000040732 ENSMUSG00000050199 blue
ENSMUSG00000022952 ENSMUSG00000090523 red
ENSMUSG00000006362 ENSMUSG00000020366 red
ENSMUSG00000015053 ENSMUSG00000020366 red
ENSMUSG00000015053 ENSMUSG00000042712 blue
ENSMUSG00000015053 ENSMUSG00000049382 blue
ENSMUSG00000015053 ENSMUSG00000050199 blue
ENSMUSG00000015053 ENSMUSG00000090523 red
ENSMUSG00000032698 ENSMUSG00000050199 blue
ENSMUSG00000034041 ENSMUSG00000050199 blue
ENSMUSG00000016087 ENSMUSG00000058794 red
ENSMUSG00000022952 ENSMUSG00000058794 red
ENSMUSG00000015053 ENSMUSG00000006057 red
ENSMUSG00000016087 ENSMUSG00000006057 red
ENSMUSG00000015053 ENSMUSG00000020022 red
ENSMUSG00000016087 ENSMUSG00000020022 red
ENSMUSG00000015053 ENSMUSG00000055980 blue
ENSMUSG00000016087 ENSMUSG00000055980 blue
ENSMUSG00000015053 ENSMUSG00000065954 red
ENSMUSG00000016087 ENSMUSG00000065954 red
ENSMUSG00000006362 ENSMUSG00000055980 blue
ENSMUSG00000006362 ENSMUSG00000065954 red
ENSMUSG00000006362 ENSMUSG00000006304 blue
ENSMUSG00000016087 ENSMUSG00000006304 blue
ENSMUSG00000022952 ENSMUSG00000038538 red
ENSMUSG00000028717 ENSMUSG00000038538 red
ENSMUSG00000006362 ENSMUSG00000008668 red
ENSMUSG00000016087 ENSMUSG00000008668 red
ENSMUSG00000006362 ENSMUSG00000020372 red
ENSMUSG00000016087 ENSMUSG00000020372 red
ENSMUSG00000006362 ENSMUSG00000028843 red
ENSMUSG00000016087 ENSMUSG00000028843 red
ENSMUSG00000006362 ENSMUSG00000067288 red
ENSMUSG00000016087 ENSMUSG00000067288 red
ENSMUSG00000006362 ENSMUSG00000097906 red
ENSMUSG00000016087 ENSMUSG00000097906 red
ENSMUSG00000015053 ENSMUSG00000028843 red
ENSMUSG00000015053 ENSMUSG00000034330 grey45
ENSMUSG00000032698 ENSMUSG00000034330 grey45
ENSMUSG00000034041 ENSMUSG00000034330 grey45
ENSMUSG00000015053 ENSMUSG00000026495 grey45
ENSMUSG00000040732 ENSMUSG00000026495 grey45
ENSMUSG00000031885 ENSMUSG00000026495 blue
ENSMUSG00000032698 ENSMUSG00000026495 grey45
ENSMUSG00000034041 ENSMUSG00000026495 grey45
ENSMUSG00000031885 ENSMUSG00000025950 blue
ENSMUSG00000040732 ENSMUSG00000025950 blue
ENSMUSG00000031885 ENSMUSG00000040212 blue
ENSMUSG00000040732 ENSMUSG00000040212 blue
ENSMUSG00000031885 ENSMUSG00000043889 blue
ENSMUSG00000040732 ENSMUSG00000043889 grey45
ENSMUSG00000032698 ENSMUSG00000025950 blue
ENSMUSG00000032698 ENSMUSG00000040212 blue
ENSMUSG00000032698 ENSMUSG00000043889 blue
ENSMUSG00000034041 ENSMUSG00000025950 blue
ENSMUSG00000031885 ENSMUSG00000030888 blue
ENSMUSG00000032698 ENSMUSG00000030888 blue
ENSMUSG00000034041 ENSMUSG00000030888 blue
ENSMUSG00000032698 ENSMUSG00000030541 blue
ENSMUSG00000040732 ENSMUSG00000030541 blue
ENSMUSG00000032698 ENSMUSG00000055553 red
ENSMUSG00000040732 ENSMUSG00000055553 red
ENSMUSG00000032698 ENSMUSG00000068220 blue
ENSMUSG00000040732 ENSMUSG00000068220 blue
ENSMUSG00000034041 ENSMUSG00000055553 red
ENSMUSG00000034041 ENSMUSG00000068220 blue
ENSMUSG00000032698 ENSMUSG00000037434 blue
ENSMUSG00000040732 ENSMUSG00000037434 blue
ENSMUSG00000032698 ENSMUSG00000040274 red
ENSMUSG00000040732 ENSMUSG00000040274 red
ENSMUSG00000034041 ENSMUSG00000037434 blue
ENSMUSG00000034041 ENSMUSG00000040274 red
ENSMUSG00000034041 ENSMUSG00000064738 grey45
ENSMUSG00000040732 ENSMUSG00000064738 grey45
ENSMUSG00000015053 ENSMUSG00000030432 red
ENSMUSG00000016087 ENSMUSG00000030432 red
ENSMUSG00000040732 ENSMUSG00000033124 grey45
ENSMUSG00000040732 ENSMUSG00000033544 grey45
ENSMUSG00000040732 ENSMUSG00000034460 red
ENSMUSG00000040732 ENSMUSG00000034792 red
ENSMUSG00000040732 ENSMUSG00000037465 red
ENSMUSG00000040732 ENSMUSG00000062593 red
ENSMUSG00000040732 ENSMUSG00000062762 red
ENSMUSG00000040732 ENSMUSG00000091478 red
ENSMUSG00000028717 ENSMUSG00000029484 blue
ENSMUSG00000028717 ENSMUSG00000035783 blue
ENSMUSG00000026815 ENSMUSG00000001542 grey45
ENSMUSG00000031162 ENSMUSG00000001542 grey45
ENSMUSG00000026815 ENSMUSG00000004665 grey45
ENSMUSG00000031162 ENSMUSG00000004665 grey45
ENSMUSG00000031162 ENSMUSG00000025351 grey45
ENSMUSG00000026815 ENSMUSG00000028906 grey45
ENSMUSG00000031162 ENSMUSG00000028906 grey45
ENSMUSG00000026815 ENSMUSG00000041959 grey45
ENSMUSG00000031162 ENSMUSG00000041959 grey45
ENSMUSG00000026815 ENSMUSG00000058794 grey45
ENSMUSG00000031162 ENSMUSG00000058794 grey45
ENSMUSG00000026815 ENSMUSG00000079523 grey45
ENSMUSG00000031162 ENSMUSG00000079523 grey45
ENSMUSG00000026815 ENSMUSG00000091876 grey45
ENSMUSG00000031162 ENSMUSG00000091876 grey45
ENSMUSG00000026815 ENSMUSG00000094392 grey45
ENSMUSG00000031162 ENSMUSG00000094392 grey45
ENSMUSG00000026815 ENSMUSG00000022048 grey45
ENSMUSG00000026815 ENSMUSG00000047139 grey45
ENSMUSG00000031162 ENSMUSG00000018217 grey45
ENSMUSG00000026815 ENSMUSG00000018217 grey45
ENSMUSG00000031162 ENSMUSG00000020689 grey45
ENSMUSG00000026815 ENSMUSG00000020689 grey45
ENSMUSG00000031162 ENSMUSG00000040158 grey45
ENSMUSG00000026815 ENSMUSG00000040158 grey45
ENSMUSG00000031162 ENSMUSG00000072235 grey45
ENSMUSG00000026815 ENSMUSG00000072235 grey45
ENSMUSG00000031162 ENSMUSG00000085939 grey45
ENSMUSG00000026815 ENSMUSG00000085939 grey45
ENSMUSG00000031162 ENSMUSG00000042712 grey45
ENSMUSG00000031162 ENSMUSG00000046814 grey45
ENSMUSG00000031162 ENSMUSG00000049382 grey45
ENSMUSG00000031162 ENSMUSG00000090523 grey45
ENSMUSG00000031162 ENSMUSG00000018593 grey45
ENSMUSG00000026815 ENSMUSG00000018593 grey45
ENSMUSG00000031162 ENSMUSG00000018340 grey45
ENSMUSG00000025223 ENSMUSG00000032076 red
ENSMUSG00000026815 ENSMUSG00000034330 grey45
ENSMUSG00000028717 ENSMUSG00000034330 grey45
ENSMUSG00000026815 ENSMUSG00000002997 grey45
ENSMUSG00000031162 ENSMUSG00000002997 grey45
ENSMUSG00000026815 ENSMUSG00000027326 grey45
ENSMUSG00000031162 ENSMUSG00000027326 grey45
ENSMUSG00000026815 ENSMUSG00000027907 grey45
ENSMUSG00000031162 ENSMUSG00000027907 grey45
ENSMUSG00000026815 ENSMUSG00000030770 grey45
ENSMUSG00000031162 ENSMUSG00000030770 grey45
ENSMUSG00000026815 ENSMUSG00000032366 grey45
ENSMUSG00000031162 ENSMUSG00000032366 grey45
ENSMUSG00000026815 ENSMUSG00000045799 grey45
ENSMUSG00000031162 ENSMUSG00000045799 grey45
ENSMUSG00000026815 ENSMUSG00000049775 grey45
ENSMUSG00000031162 ENSMUSG00000049775 grey45
ENSMUSG00000026815 ENSMUSG00000091955 grey45
ENSMUSG00000031162 ENSMUSG00000091955 grey45
ENSMUSG00000026815 ENSMUSG00000101878 grey45
ENSMUSG00000031162 ENSMUSG00000101878 grey45
ENSMUSG00000026815 ENSMUSG00000026728 grey45
ENSMUSG00000026815 ENSMUSG00000039103 grey45
ENSMUSG00000026815 ENSMUSG00000042506 grey45
ENSMUSG00000026815 ENSMUSG00000046432 grey45
ENSMUSG00000026815 ENSMUSG00000081434 grey45
ENSMUSG00000026815 ENSMUSG00000019982 grey45
ENSMUSG00000031162 ENSMUSG00000019982 grey45
ENSMUSG00000026815 ENSMUSG00000025558 grey45
ENSMUSG00000031162 ENSMUSG00000025558 grey45
ENSMUSG00000026815 ENSMUSG00000026238 grey45
ENSMUSG00000031162 ENSMUSG00000026238 grey45
ENSMUSG00000026815 ENSMUSG00000027009 grey45
ENSMUSG00000031162 ENSMUSG00000027009 grey45
ENSMUSG00000026815 ENSMUSG00000028159 grey45
ENSMUSG00000031162 ENSMUSG00000028159 grey45
ENSMUSG00000026815 ENSMUSG00000031822 grey45
ENSMUSG00000031162 ENSMUSG00000031822 grey45
ENSMUSG00000026815 ENSMUSG00000042364 grey45
ENSMUSG00000031162 ENSMUSG00000042364 grey45
ENSMUSG00000026815 ENSMUSG00000090841 grey45
ENSMUSG00000031162 ENSMUSG00000090841 grey45
ENSMUSG00000025223 ENSMUSG00000025351 grey45
ENSMUSG00000026815 ENSMUSG00000060121 grey45
ENSMUSG00000031162 ENSMUSG00000027712 grey45
ENSMUSG00000031162 ENSMUSG00000030352 grey45
ENSMUSG00000031162 ENSMUSG00000032085 grey45
ENSMUSG00000031162 ENSMUSG00000063628 grey45
ENSMUSG00000031162 ENSMUSG00000050199 grey45
ENSMUSG00000031162 ENSMUSG00000020366 grey45
ENSMUSG00000025223 ENSMUSG00000006057 blue
ENSMUSG00000025223 ENSMUSG00000020022 blue
ENSMUSG00000025223 ENSMUSG00000055980 grey45
ENSMUSG00000025223 ENSMUSG00000065954 blue
ENSMUSG00000025223 ENSMUSG00000006304 red
ENSMUSG00000031162 ENSMUSG00000038538 grey45
ENSMUSG00000002111 ENSMUSG00000008668 grey45
ENSMUSG00000002111 ENSMUSG00000020372 grey45
ENSMUSG00000002111 ENSMUSG00000028843 grey45
ENSMUSG00000002111 ENSMUSG00000067288 grey45
ENSMUSG00000002111 ENSMUSG00000097906 grey45
ENSMUSG00000031162 ENSMUSG00000026495 grey45
ENSMUSG00000026815 ENSMUSG00000025950 grey45
ENSMUSG00000026815 ENSMUSG00000040212 grey45
ENSMUSG00000026815 ENSMUSG00000043889 grey45
ENSMUSG00000031162 ENSMUSG00000030888 grey45
ENSMUSG00000026815 ENSMUSG00000030541 grey45
ENSMUSG00000026815 ENSMUSG00000055553 grey45
ENSMUSG00000026815 ENSMUSG00000068220 grey45
ENSMUSG00000031162 ENSMUSG00000037434 grey45
ENSMUSG00000031162 ENSMUSG00000040274 grey45
ENSMUSG00000032698 ENSMUSG00000064738 grey45
ENSMUSG00000002111 ENSMUSG00000030432 grey45
ENSMUSG00000032698 ENSMUSG00000033124 grey45
ENSMUSG00000034041 ENSMUSG00000033124 grey45
ENSMUSG00000032698 ENSMUSG00000033544 grey45
ENSMUSG00000034041 ENSMUSG00000033544 grey45
ENSMUSG00000032698 ENSMUSG00000034460 red
ENSMUSG00000034041 ENSMUSG00000034460 red
ENSMUSG00000032698 ENSMUSG00000034792 red
ENSMUSG00000034041 ENSMUSG00000034792 red
ENSMUSG00000032698 ENSMUSG00000037465 red
ENSMUSG00000034041 ENSMUSG00000037465 red
ENSMUSG00000032698 ENSMUSG00000062593 red
ENSMUSG00000034041 ENSMUSG00000062593 red
ENSMUSG00000032698 ENSMUSG00000062762 red
ENSMUSG00000034041 ENSMUSG00000062762 red
ENSMUSG00000032698 ENSMUSG00000091478 red
ENSMUSG00000034041 ENSMUSG00000091478 red
ENSMUSG00000032698 ENSMUSG00000029484 blue
ENSMUSG00000034041 ENSMUSG00000029484 blue
ENSMUSG00000032698 ENSMUSG00000035783 blue
ENSMUSG00000034041 ENSMUSG00000035783 blue
ENSMUSG00000028717 ENSMUSG00000026815 black
ENSMUSG00000028717 ENSMUSG00000031162 black
ENSMUSG00000040732 ENSMUSG00000026815 black
ENSMUSG00000040732 ENSMUSG00000031162 black
ENSMUSG00000031885 ENSMUSG00000026815 black
ENSMUSG00000031885 ENSMUSG00000031162 black
ENSMUSG00000032698 ENSMUSG00000026815 black
ENSMUSG00000032698 ENSMUSG00000031162 black
ENSMUSG00000034041 ENSMUSG00000026815 black
ENSMUSG00000034041 ENSMUSG00000031162 black
ENSMUSG00000028717 ENSMUSG00000032698 black
ENSMUSG00000028717 ENSMUSG00000034041 black
ENSMUSG00000031162 ENSMUSG00000025223 black
ENSMUSG00000040732 ENSMUSG00000032698 black
ENSMUSG00000040732 ENSMUSG00000028717 black
ENSMUSG00000040732 ENSMUSG00000034041 black
ENSMUSG00000006362 ENSMUSG00000026815 black
ENSMUSG00000006362 ENSMUSG00000031162 black
ENSMUSG00000016087 ENSMUSG00000026815 black
ENSMUSG00000016087 ENSMUSG00000025223 black
ENSMUSG00000015053 ENSMUSG00000026815 black
ENSMUSG00000015053 ENSMUSG00000031162 black
ENSMUSG00000026815 ENSMUSG00000025223 black
ENSMUSG00000022952 ENSMUSG00000031162 black
ENSMUSG00000015053 ENSMUSG00000025223 black
ENSMUSG00000006362 ENSMUSG00000025223 black
ENSMUSG00000006362 ENSMUSG00000002111 black
ENSMUSG00000016087 ENSMUSG00000002111 black
ENSMUSG00000015053 ENSMUSG00000002111 black
ENSMUSG00000034041 ENSMUSG00000032698 black
