#  Weights_Tar
#FALSE FALSE -1
ENSMUSG00000028717-ENSMUSG00000026815 ENSMUSG00000028717-ENSMUSG00000031162 9
ENSMUSG00000028717-ENSMUSG00000026815 ENSMUSG00000040732-ENSMUSG00000026815 7
ENSMUSG00000028717-ENSMUSG00000026815 ENSMUSG00000040732-ENSMUSG00000031162 5
ENSMUSG00000028717-ENSMUSG00000026815 ENSMUSG00000031885-ENSMUSG00000026815 5
ENSMUSG00000028717-ENSMUSG00000026815 ENSMUSG00000031885-ENSMUSG00000031162 3
ENSMUSG00000028717-ENSMUSG00000026815 ENSMUSG00000032698-ENSMUSG00000026815 5
ENSMUSG00000028717-ENSMUSG00000026815 ENSMUSG00000032698-ENSMUSG00000031162 3
ENSMUSG00000028717-ENSMUSG00000026815 ENSMUSG00000034041-ENSMUSG00000026815 6
ENSMUSG00000028717-ENSMUSG00000026815 ENSMUSG00000034041-ENSMUSG00000031162 4
ENSMUSG00000028717-ENSMUSG00000026815 ENSMUSG00000028717-ENSMUSG00000032698 1
ENSMUSG00000028717-ENSMUSG00000026815 ENSMUSG00000028717-ENSMUSG00000034041 1
ENSMUSG00000028717-ENSMUSG00000031162 ENSMUSG00000040732-ENSMUSG00000026815 10
ENSMUSG00000028717-ENSMUSG00000031162 ENSMUSG00000040732-ENSMUSG00000031162 14
ENSMUSG00000028717-ENSMUSG00000031162 ENSMUSG00000031885-ENSMUSG00000026815 7
ENSMUSG00000028717-ENSMUSG00000031162 ENSMUSG00000031885-ENSMUSG00000031162 11
ENSMUSG00000028717-ENSMUSG00000031162 ENSMUSG00000032698-ENSMUSG00000026815 8
ENSMUSG00000028717-ENSMUSG00000031162 ENSMUSG00000032698-ENSMUSG00000031162 11
ENSMUSG00000028717-ENSMUSG00000031162 ENSMUSG00000034041-ENSMUSG00000026815 8
ENSMUSG00000028717-ENSMUSG00000031162 ENSMUSG00000034041-ENSMUSG00000031162 12
ENSMUSG00000028717-ENSMUSG00000031162 ENSMUSG00000028717-ENSMUSG00000032698 1
ENSMUSG00000028717-ENSMUSG00000031162 ENSMUSG00000028717-ENSMUSG00000034041 2
ENSMUSG00000028717-ENSMUSG00000031162 ENSMUSG00000031162-ENSMUSG00000025223 1
ENSMUSG00000040732-ENSMUSG00000026815 ENSMUSG00000040732-ENSMUSG00000031162 10
ENSMUSG00000040732-ENSMUSG00000026815 ENSMUSG00000040732-ENSMUSG00000032698 1
ENSMUSG00000040732-ENSMUSG00000026815 ENSMUSG00000040732-ENSMUSG00000028717 1
ENSMUSG00000040732-ENSMUSG00000026815 ENSMUSG00000040732-ENSMUSG00000034041 1
ENSMUSG00000006362-ENSMUSG00000026815 ENSMUSG00000028717-ENSMUSG00000026815 8
ENSMUSG00000006362-ENSMUSG00000026815 ENSMUSG00000028717-ENSMUSG00000031162 21
ENSMUSG00000006362-ENSMUSG00000026815 ENSMUSG00000040732-ENSMUSG00000026815 14
ENSMUSG00000006362-ENSMUSG00000026815 ENSMUSG00000040732-ENSMUSG00000031162 7
ENSMUSG00000006362-ENSMUSG00000026815 ENSMUSG00000006362-ENSMUSG00000031162 29
ENSMUSG00000006362-ENSMUSG00000026815 ENSMUSG00000016087-ENSMUSG00000026815 2
ENSMUSG00000006362-ENSMUSG00000026815 ENSMUSG00000016087-ENSMUSG00000025223 2
ENSMUSG00000006362-ENSMUSG00000026815 ENSMUSG00000015053-ENSMUSG00000026815 13
ENSMUSG00000006362-ENSMUSG00000026815 ENSMUSG00000015053-ENSMUSG00000031162 6
ENSMUSG00000006362-ENSMUSG00000026815 ENSMUSG00000031885-ENSMUSG00000026815 12
ENSMUSG00000006362-ENSMUSG00000026815 ENSMUSG00000031885-ENSMUSG00000031162 6
ENSMUSG00000006362-ENSMUSG00000026815 ENSMUSG00000032698-ENSMUSG00000026815 13
ENSMUSG00000006362-ENSMUSG00000026815 ENSMUSG00000032698-ENSMUSG00000031162 6
ENSMUSG00000006362-ENSMUSG00000026815 ENSMUSG00000034041-ENSMUSG00000026815 13
ENSMUSG00000006362-ENSMUSG00000026815 ENSMUSG00000034041-ENSMUSG00000031162 7
ENSMUSG00000006362-ENSMUSG00000026815 ENSMUSG00000026815-ENSMUSG00000025223 2
ENSMUSG00000006362-ENSMUSG00000026815 ENSMUSG00000028717-ENSMUSG00000032698 2
ENSMUSG00000006362-ENSMUSG00000026815 ENSMUSG00000028717-ENSMUSG00000034041 1
ENSMUSG00000006362-ENSMUSG00000026815 ENSMUSG00000031162-ENSMUSG00000025223 1
ENSMUSG00000006362-ENSMUSG00000031162 ENSMUSG00000028717-ENSMUSG00000026815 6
ENSMUSG00000006362-ENSMUSG00000031162 ENSMUSG00000028717-ENSMUSG00000031162 28
ENSMUSG00000006362-ENSMUSG00000031162 ENSMUSG00000040732-ENSMUSG00000026815 7
ENSMUSG00000006362-ENSMUSG00000031162 ENSMUSG00000040732-ENSMUSG00000031162 11
ENSMUSG00000006362-ENSMUSG00000031162 ENSMUSG00000016087-ENSMUSG00000026815 2
ENSMUSG00000006362-ENSMUSG00000031162 ENSMUSG00000016087-ENSMUSG00000025223 2
ENSMUSG00000006362-ENSMUSG00000031162 ENSMUSG00000022952-ENSMUSG00000031162 1
ENSMUSG00000006362-ENSMUSG00000031162 ENSMUSG00000015053-ENSMUSG00000026815 6
ENSMUSG00000006362-ENSMUSG00000031162 ENSMUSG00000015053-ENSMUSG00000031162 11
ENSMUSG00000006362-ENSMUSG00000031162 ENSMUSG00000031885-ENSMUSG00000026815 6
ENSMUSG00000006362-ENSMUSG00000031162 ENSMUSG00000031885-ENSMUSG00000031162 9
ENSMUSG00000006362-ENSMUSG00000031162 ENSMUSG00000032698-ENSMUSG00000026815 6
ENSMUSG00000006362-ENSMUSG00000031162 ENSMUSG00000032698-ENSMUSG00000031162 9
ENSMUSG00000006362-ENSMUSG00000031162 ENSMUSG00000034041-ENSMUSG00000026815 7
ENSMUSG00000006362-ENSMUSG00000031162 ENSMUSG00000034041-ENSMUSG00000031162 11
ENSMUSG00000006362-ENSMUSG00000031162 ENSMUSG00000026815-ENSMUSG00000025223 2
ENSMUSG00000006362-ENSMUSG00000031162 ENSMUSG00000028717-ENSMUSG00000032698 1
ENSMUSG00000006362-ENSMUSG00000031162 ENSMUSG00000028717-ENSMUSG00000034041 2
ENSMUSG00000006362-ENSMUSG00000031162 ENSMUSG00000031162-ENSMUSG00000025223 1
ENSMUSG00000016087-ENSMUSG00000026815 ENSMUSG00000028717-ENSMUSG00000026815 2
ENSMUSG00000016087-ENSMUSG00000026815 ENSMUSG00000028717-ENSMUSG00000031162 3
ENSMUSG00000016087-ENSMUSG00000026815 ENSMUSG00000040732-ENSMUSG00000026815 2
ENSMUSG00000016087-ENSMUSG00000026815 ENSMUSG00000040732-ENSMUSG00000031162 2
ENSMUSG00000016087-ENSMUSG00000026815 ENSMUSG00000022952-ENSMUSG00000031162 1
ENSMUSG00000016087-ENSMUSG00000026815 ENSMUSG00000031885-ENSMUSG00000026815 1
ENSMUSG00000016087-ENSMUSG00000026815 ENSMUSG00000031885-ENSMUSG00000031162 1
ENSMUSG00000016087-ENSMUSG00000026815 ENSMUSG00000032698-ENSMUSG00000026815 2
ENSMUSG00000016087-ENSMUSG00000026815 ENSMUSG00000032698-ENSMUSG00000031162 2
ENSMUSG00000016087-ENSMUSG00000026815 ENSMUSG00000034041-ENSMUSG00000026815 2
ENSMUSG00000016087-ENSMUSG00000026815 ENSMUSG00000034041-ENSMUSG00000031162 2
ENSMUSG00000016087-ENSMUSG00000026815 ENSMUSG00000028717-ENSMUSG00000032698 1
ENSMUSG00000016087-ENSMUSG00000026815 ENSMUSG00000028717-ENSMUSG00000034041 1
ENSMUSG00000015053-ENSMUSG00000025223 ENSMUSG00000016087-ENSMUSG00000025223 4
ENSMUSG00000016087-ENSMUSG00000025223 ENSMUSG00000028717-ENSMUSG00000026815 1
ENSMUSG00000016087-ENSMUSG00000025223 ENSMUSG00000028717-ENSMUSG00000031162 2
ENSMUSG00000016087-ENSMUSG00000025223 ENSMUSG00000040732-ENSMUSG00000026815 1
ENSMUSG00000016087-ENSMUSG00000025223 ENSMUSG00000040732-ENSMUSG00000031162 1
ENSMUSG00000016087-ENSMUSG00000025223 ENSMUSG00000031885-ENSMUSG00000026815 1
ENSMUSG00000016087-ENSMUSG00000025223 ENSMUSG00000031885-ENSMUSG00000031162 1
ENSMUSG00000016087-ENSMUSG00000025223 ENSMUSG00000032698-ENSMUSG00000026815 1
ENSMUSG00000016087-ENSMUSG00000025223 ENSMUSG00000032698-ENSMUSG00000031162 1
ENSMUSG00000016087-ENSMUSG00000025223 ENSMUSG00000034041-ENSMUSG00000026815 1
ENSMUSG00000016087-ENSMUSG00000025223 ENSMUSG00000034041-ENSMUSG00000031162 1
ENSMUSG00000016087-ENSMUSG00000025223 ENSMUSG00000026815-ENSMUSG00000025223 2
ENSMUSG00000016087-ENSMUSG00000025223 ENSMUSG00000031162-ENSMUSG00000025223 1
ENSMUSG00000006362-ENSMUSG00000025223 ENSMUSG00000028717-ENSMUSG00000026815 1
ENSMUSG00000006362-ENSMUSG00000025223 ENSMUSG00000028717-ENSMUSG00000031162 2
ENSMUSG00000006362-ENSMUSG00000025223 ENSMUSG00000040732-ENSMUSG00000026815 1
ENSMUSG00000006362-ENSMUSG00000025223 ENSMUSG00000040732-ENSMUSG00000031162 1
ENSMUSG00000006362-ENSMUSG00000025223 ENSMUSG00000006362-ENSMUSG00000026815 2
ENSMUSG00000006362-ENSMUSG00000025223 ENSMUSG00000006362-ENSMUSG00000031162 2
ENSMUSG00000006362-ENSMUSG00000025223 ENSMUSG00000015053-ENSMUSG00000025223 2
ENSMUSG00000006362-ENSMUSG00000025223 ENSMUSG00000016087-ENSMUSG00000025223 5
ENSMUSG00000006362-ENSMUSG00000025223 ENSMUSG00000031885-ENSMUSG00000026815 1
ENSMUSG00000006362-ENSMUSG00000025223 ENSMUSG00000031885-ENSMUSG00000031162 1
ENSMUSG00000006362-ENSMUSG00000025223 ENSMUSG00000032698-ENSMUSG00000026815 1
ENSMUSG00000006362-ENSMUSG00000025223 ENSMUSG00000032698-ENSMUSG00000031162 1
ENSMUSG00000006362-ENSMUSG00000025223 ENSMUSG00000034041-ENSMUSG00000026815 1
ENSMUSG00000006362-ENSMUSG00000025223 ENSMUSG00000034041-ENSMUSG00000031162 1
ENSMUSG00000006362-ENSMUSG00000025223 ENSMUSG00000026815-ENSMUSG00000025223 2
ENSMUSG00000006362-ENSMUSG00000025223 ENSMUSG00000031162-ENSMUSG00000025223 1
ENSMUSG00000022952-ENSMUSG00000031162 ENSMUSG00000028717-ENSMUSG00000026815 1
ENSMUSG00000022952-ENSMUSG00000031162 ENSMUSG00000028717-ENSMUSG00000031162 3
ENSMUSG00000022952-ENSMUSG00000031162 ENSMUSG00000040732-ENSMUSG00000026815 1
ENSMUSG00000022952-ENSMUSG00000031162 ENSMUSG00000040732-ENSMUSG00000031162 2
ENSMUSG00000022952-ENSMUSG00000031162 ENSMUSG00000031885-ENSMUSG00000031162 1
ENSMUSG00000022952-ENSMUSG00000031162 ENSMUSG00000032698-ENSMUSG00000026815 1
ENSMUSG00000022952-ENSMUSG00000031162 ENSMUSG00000032698-ENSMUSG00000031162 2
ENSMUSG00000022952-ENSMUSG00000031162 ENSMUSG00000034041-ENSMUSG00000026815 1
ENSMUSG00000022952-ENSMUSG00000031162 ENSMUSG00000034041-ENSMUSG00000031162 2
ENSMUSG00000006362-ENSMUSG00000002111 ENSMUSG00000016087-ENSMUSG00000002111 5
ENSMUSG00000006362-ENSMUSG00000002111 ENSMUSG00000015053-ENSMUSG00000002111 1
ENSMUSG00000015053-ENSMUSG00000026815 ENSMUSG00000028717-ENSMUSG00000026815 3
ENSMUSG00000015053-ENSMUSG00000026815 ENSMUSG00000028717-ENSMUSG00000031162 6
ENSMUSG00000015053-ENSMUSG00000026815 ENSMUSG00000040732-ENSMUSG00000026815 10
ENSMUSG00000015053-ENSMUSG00000026815 ENSMUSG00000040732-ENSMUSG00000031162 2
ENSMUSG00000015053-ENSMUSG00000026815 ENSMUSG00000015053-ENSMUSG00000031162 6
ENSMUSG00000015053-ENSMUSG00000026815 ENSMUSG00000031885-ENSMUSG00000026815 7
ENSMUSG00000015053-ENSMUSG00000026815 ENSMUSG00000031885-ENSMUSG00000031162 2
ENSMUSG00000015053-ENSMUSG00000026815 ENSMUSG00000032698-ENSMUSG00000026815 10
ENSMUSG00000015053-ENSMUSG00000026815 ENSMUSG00000032698-ENSMUSG00000031162 2
ENSMUSG00000015053-ENSMUSG00000026815 ENSMUSG00000034041-ENSMUSG00000026815 9
ENSMUSG00000015053-ENSMUSG00000026815 ENSMUSG00000034041-ENSMUSG00000031162 2
ENSMUSG00000015053-ENSMUSG00000026815 ENSMUSG00000040732-ENSMUSG00000032698 1
ENSMUSG00000015053-ENSMUSG00000026815 ENSMUSG00000028717-ENSMUSG00000032698 1
ENSMUSG00000015053-ENSMUSG00000026815 ENSMUSG00000040732-ENSMUSG00000028717 1
ENSMUSG00000015053-ENSMUSG00000026815 ENSMUSG00000040732-ENSMUSG00000034041 1
ENSMUSG00000015053-ENSMUSG00000031162 ENSMUSG00000028717-ENSMUSG00000026815 1
ENSMUSG00000015053-ENSMUSG00000031162 ENSMUSG00000028717-ENSMUSG00000031162 9
ENSMUSG00000015053-ENSMUSG00000031162 ENSMUSG00000040732-ENSMUSG00000026815 2
ENSMUSG00000015053-ENSMUSG00000031162 ENSMUSG00000040732-ENSMUSG00000031162 7
ENSMUSG00000015053-ENSMUSG00000031162 ENSMUSG00000022952-ENSMUSG00000031162 1
ENSMUSG00000015053-ENSMUSG00000031162 ENSMUSG00000031885-ENSMUSG00000026815 2
ENSMUSG00000015053-ENSMUSG00000031162 ENSMUSG00000031885-ENSMUSG00000031162 6
ENSMUSG00000015053-ENSMUSG00000031162 ENSMUSG00000032698-ENSMUSG00000026815 2
ENSMUSG00000015053-ENSMUSG00000031162 ENSMUSG00000032698-ENSMUSG00000031162 6
ENSMUSG00000015053-ENSMUSG00000031162 ENSMUSG00000034041-ENSMUSG00000026815 2
ENSMUSG00000015053-ENSMUSG00000031162 ENSMUSG00000034041-ENSMUSG00000031162 7
ENSMUSG00000015053-ENSMUSG00000031162 ENSMUSG00000028717-ENSMUSG00000034041 1
ENSMUSG00000031885-ENSMUSG00000026815 ENSMUSG00000040732-ENSMUSG00000026815 14
ENSMUSG00000031885-ENSMUSG00000026815 ENSMUSG00000040732-ENSMUSG00000031162 6
ENSMUSG00000031885-ENSMUSG00000026815 ENSMUSG00000031885-ENSMUSG00000031162 7
ENSMUSG00000031885-ENSMUSG00000026815 ENSMUSG00000032698-ENSMUSG00000026815 13
ENSMUSG00000031885-ENSMUSG00000026815 ENSMUSG00000032698-ENSMUSG00000031162 5
ENSMUSG00000031885-ENSMUSG00000026815 ENSMUSG00000034041-ENSMUSG00000026815 11
ENSMUSG00000031885-ENSMUSG00000026815 ENSMUSG00000034041-ENSMUSG00000031162 5
ENSMUSG00000031885-ENSMUSG00000031162 ENSMUSG00000040732-ENSMUSG00000026815 6
ENSMUSG00000031885-ENSMUSG00000031162 ENSMUSG00000040732-ENSMUSG00000031162 10
ENSMUSG00000031885-ENSMUSG00000031162 ENSMUSG00000032698-ENSMUSG00000026815 5
ENSMUSG00000031885-ENSMUSG00000031162 ENSMUSG00000032698-ENSMUSG00000031162 9
ENSMUSG00000031885-ENSMUSG00000031162 ENSMUSG00000034041-ENSMUSG00000026815 5
ENSMUSG00000031885-ENSMUSG00000031162 ENSMUSG00000034041-ENSMUSG00000031162 10
ENSMUSG00000032698-ENSMUSG00000026815 ENSMUSG00000040732-ENSMUSG00000026815 22
ENSMUSG00000032698-ENSMUSG00000026815 ENSMUSG00000040732-ENSMUSG00000031162 8
ENSMUSG00000032698-ENSMUSG00000026815 ENSMUSG00000032698-ENSMUSG00000031162 8
ENSMUSG00000032698-ENSMUSG00000026815 ENSMUSG00000034041-ENSMUSG00000026815 17
ENSMUSG00000032698-ENSMUSG00000026815 ENSMUSG00000034041-ENSMUSG00000031162 7
ENSMUSG00000032698-ENSMUSG00000026815 ENSMUSG00000040732-ENSMUSG00000032698 1
ENSMUSG00000032698-ENSMUSG00000026815 ENSMUSG00000040732-ENSMUSG00000028717 1
ENSMUSG00000032698-ENSMUSG00000026815 ENSMUSG00000040732-ENSMUSG00000034041 1
ENSMUSG00000032698-ENSMUSG00000031162 ENSMUSG00000040732-ENSMUSG00000026815 8
ENSMUSG00000032698-ENSMUSG00000031162 ENSMUSG00000040732-ENSMUSG00000031162 15
ENSMUSG00000032698-ENSMUSG00000031162 ENSMUSG00000034041-ENSMUSG00000026815 7
ENSMUSG00000032698-ENSMUSG00000031162 ENSMUSG00000034041-ENSMUSG00000031162 15
ENSMUSG00000034041-ENSMUSG00000026815 ENSMUSG00000040732-ENSMUSG00000026815 18
ENSMUSG00000034041-ENSMUSG00000026815 ENSMUSG00000040732-ENSMUSG00000031162 8
ENSMUSG00000034041-ENSMUSG00000026815 ENSMUSG00000034041-ENSMUSG00000031162 8
ENSMUSG00000034041-ENSMUSG00000026815 ENSMUSG00000040732-ENSMUSG00000032698 1
ENSMUSG00000034041-ENSMUSG00000026815 ENSMUSG00000040732-ENSMUSG00000028717 1
ENSMUSG00000034041-ENSMUSG00000026815 ENSMUSG00000040732-ENSMUSG00000034041 1
ENSMUSG00000034041-ENSMUSG00000031162 ENSMUSG00000040732-ENSMUSG00000026815 8
ENSMUSG00000034041-ENSMUSG00000031162 ENSMUSG00000040732-ENSMUSG00000031162 16
ENSMUSG00000034041-ENSMUSG00000032698 ENSMUSG00000040732-ENSMUSG00000032698 1
ENSMUSG00000015053-ENSMUSG00000002111 ENSMUSG00000016087-ENSMUSG00000002111 2
ENSMUSG00000026815-ENSMUSG00000025223 ENSMUSG00000028717-ENSMUSG00000026815 1
ENSMUSG00000026815-ENSMUSG00000025223 ENSMUSG00000028717-ENSMUSG00000031162 2
ENSMUSG00000026815-ENSMUSG00000025223 ENSMUSG00000040732-ENSMUSG00000026815 1
ENSMUSG00000026815-ENSMUSG00000025223 ENSMUSG00000040732-ENSMUSG00000031162 1
ENSMUSG00000026815-ENSMUSG00000025223 ENSMUSG00000031885-ENSMUSG00000026815 1
ENSMUSG00000026815-ENSMUSG00000025223 ENSMUSG00000031885-ENSMUSG00000031162 1
ENSMUSG00000026815-ENSMUSG00000025223 ENSMUSG00000032698-ENSMUSG00000026815 1
ENSMUSG00000026815-ENSMUSG00000025223 ENSMUSG00000032698-ENSMUSG00000031162 1
ENSMUSG00000026815-ENSMUSG00000025223 ENSMUSG00000034041-ENSMUSG00000026815 1
ENSMUSG00000026815-ENSMUSG00000025223 ENSMUSG00000034041-ENSMUSG00000031162 1
ENSMUSG00000026815-ENSMUSG00000025223 ENSMUSG00000031162-ENSMUSG00000025223 1
ENSMUSG00000040732-ENSMUSG00000032698 ENSMUSG00000040732-ENSMUSG00000034041 9
ENSMUSG00000028717-ENSMUSG00000032698 ENSMUSG00000040732-ENSMUSG00000026815 2
ENSMUSG00000028717-ENSMUSG00000032698 ENSMUSG00000040732-ENSMUSG00000031162 1
ENSMUSG00000028717-ENSMUSG00000032698 ENSMUSG00000031885-ENSMUSG00000026815 1
ENSMUSG00000028717-ENSMUSG00000032698 ENSMUSG00000031885-ENSMUSG00000031162 1
ENSMUSG00000028717-ENSMUSG00000032698 ENSMUSG00000032698-ENSMUSG00000026815 2
ENSMUSG00000028717-ENSMUSG00000032698 ENSMUSG00000032698-ENSMUSG00000031162 1
ENSMUSG00000028717-ENSMUSG00000032698 ENSMUSG00000034041-ENSMUSG00000026815 1
ENSMUSG00000028717-ENSMUSG00000032698 ENSMUSG00000034041-ENSMUSG00000031162 1
ENSMUSG00000028717-ENSMUSG00000032698 ENSMUSG00000028717-ENSMUSG00000034041 3
ENSMUSG00000028717-ENSMUSG00000034041 ENSMUSG00000040732-ENSMUSG00000026815 1
ENSMUSG00000028717-ENSMUSG00000034041 ENSMUSG00000040732-ENSMUSG00000031162 2
ENSMUSG00000028717-ENSMUSG00000034041 ENSMUSG00000031885-ENSMUSG00000026815 1
ENSMUSG00000028717-ENSMUSG00000034041 ENSMUSG00000031885-ENSMUSG00000031162 2
ENSMUSG00000028717-ENSMUSG00000034041 ENSMUSG00000032698-ENSMUSG00000026815 1
ENSMUSG00000028717-ENSMUSG00000034041 ENSMUSG00000032698-ENSMUSG00000031162 1
ENSMUSG00000028717-ENSMUSG00000034041 ENSMUSG00000034041-ENSMUSG00000026815 1
ENSMUSG00000028717-ENSMUSG00000034041 ENSMUSG00000034041-ENSMUSG00000031162 2
ENSMUSG00000040732-ENSMUSG00000028717 ENSMUSG00000040732-ENSMUSG00000032698 1
ENSMUSG00000040732-ENSMUSG00000028717 ENSMUSG00000040732-ENSMUSG00000034041 1
